// Jest Snapshot v1, https://goo.gl/fbAQLP

exports[`<LoremIpsum /> Snaphot must match defaultRender 1`] = `
<div
  className=""
>
  LoremIpsum Under construction
</div>
`;
