// Jest Snapshot v1, https://goo.gl/fbAQLP

exports[`<NotFoundPage /> Render must match async 1`] = `null`;

exports[`<NotFoundPage /> Render must match regular 1`] = `
<div>
  <div
    className=""
  >
    Under construction
     
    <span
      aria-label="emoji"
      role="img"
    >
      ðŸ™‚
    </span>
  </div>
  <div>
    some-path-name
  </div>
</div>
`;
