// Jest Snapshot v1, https://goo.gl/fbAQLP

exports[`<Navigation /> Snaphot must match defaultRender 1`] = `
<nav
  className="nav"
>
  <div
    className="navBar"
  >
    <a
      className="navBarLogo"
      href="/"
    />
    <ul
      className="navBarList"
    >
      <li
        className="navBarListItem"
      >
        <a
          className="navBarListItemLink"
          href="/about"
        >
          About
        </a>
      </li>
      <li
        className="navBarListItem"
      >
        <a
          className="navBarListItemLink"
          href="/blog"
        >
          Blog
        </a>
      </li>
      <li
        className="navBarListItem"
      >
        <a
          className="navBarListItemLink"
          href="/courses"
        >
          Courses
        </a>
      </li>
    </ul>
  </div>
</nav>
`;
