// Jest Snapshot v1, https://goo.gl/fbAQLP

exports[`<Image /> Render must match regular() 1`] = `
<div
  className=""
>
  <div />
  <picture>
    <source />
    <img />
  </picture>
</div>
`;
