// Jest Snapshot v1, https://goo.gl/fbAQLP

exports[`<NoMatch /> Render must match regular 1`] = `
<div
  className=""
>
  <h3>
    No match for 
    <code>
      some-path-name
    </code>
  </h3>
</div>
`;
