// Jest Snapshot v1, https://goo.gl/fbAQLP

exports[`<Share /> Snaphot must match defaultRender 1`] = `
<div
  className="share"
>
  Under construction
</div>
`;
