// Jest Snapshot v1, https://goo.gl/fbAQLP

exports[`<CoursesContent /> Snaphot must match defaultRender 1`] = `
<div
  className="container"
>
  CoursesContent under construction
</div>
`;
