// Jest Snapshot v1, https://goo.gl/fbAQLP

exports[`<CoursesHeader /> Render must match regular() 1`] = `
<div
  className=""
>
  <div
    className="container"
  >
    <div
      className="containerLogo"
    >
      <div
        className="containerLogoImage"
      />
    </div>
    <div
      className="containerSessionLinks"
    >
      <div
        className="containerSessionLinksMenu"
      >
        <div>
          <span
            className="containerSessionLinksMenuItem"
            role="menuitem"
            tabIndex="0"
          >
            <div>
              <div
                className="containerSessionLinksMenuItemText"
              >
                <div>
                  My Courses
                </div>
              </div>
            </div>
          </span>
        </div>
        <div
          className="containerSessionLinksMenuSelect"
        >
          <button
            className="containerSessionLinksMenuSelectButton"
            tabIndex="0"
            type="button"
          >
            <div>
              <svg
                className="containerSessionLinksMenuSelectButtonImage"
                viewBox="0 0 24 24"
              >
                <path
                  d="M12 8c1.1 0 2-.9 2-2s-.9-2-2-2-2 .9-2 2 .9 2 2 2zm0 2c-1.1 0-2 .9-2 2s.9 2 2 2 2-.9 2-2-.9-2-2-2zm0 6c-1.1 0-2 .9-2 2s.9 2 2 2 2-.9 2-2-.9-2-2-2z"
                />
              </svg>
            </div>
          </button>
        </div>
      </div>
    </div>
  </div>
</div>
`;
